eliza_ccd_base.json
eliza_default_sensors.json
eliza_dynamic_sensors.json
eliza_dynamic_sensors_template.json
eliza_irq.json
eliza_power_0.json
eliza_bu52053nvx_0.json
eliza_sht4x_0.json
mot_vsync_psd.json
mot_camgest.json
eliza_qrd_default_sensors.json
mot_tap.json
mot_chopchop.json
qsh_camera_common.json
qsh_camera_imx688_4.json
qsh_camera_imx688_6.json
mot_ltv.json
mot_ftm.json
qsh_camera_imx688_6_actuator.json
qsh_camera_ov32c4c_4.json
qsh_camera_common_sm8735.json
qsh_camera_ov32c4c_4_sm8735.json
sns_amd.json
sns_amd_sw_disabled.json
sns_amd_sw_enabled.json
sns_aont.json
sns_basic_gestures.json
sns_bring_to_ear.json
sns_ccd_v1_0_amd.json
sns_ccd_v1_0_ttw.json
sns_ccd_v2_0_walk.json
sns_ccd_v3_0_walk.json
sns_ccd_v3_1_walk.json
sns_ccd_v4_0_sensors.json
sns_ccd_v4_0_te_cd_regs.json
sns_ccd_v5_0.json
sns_ccd_v6_0.json
sns_ccd_v5_0_te_cd_regs.json
sns_ccd_v5_1_te_cd_regs.json
sns_ccd_v6_0_te_cd_regs.json
sns_ccd_v6_0_sensors.json
sns_cm.json
sns_dae.json
sns_device_orient.json
sns_diag_filter.json
sns_direct_channel.json
sns_distance_bound.json
sns_dpc.json
sns_facing.json
sns_flight_md.json
sns_fmv.json
sns_fmv_legacy.json
sns_gyro_cal.json
sns_heart_rate.json
sns_mag_cal.json
sns_mag_cal_legacy.json
sns_multishake.json
sns_offbody_detect_phone.json
sns_pedometer.json
sns_presence_detect.json
sns_psd_disable.json
sns_psd_enable.json
sns_rmd.json
sns_rotv.json
sns_smd.json
sns_tilt.json
sns_tilt_sw_disabled.json
sns_tilt_sw_enabled.json
sns_tilt_to_wake.json
sns_transport_ppe.json
sns_wrist_pedo.json
qsh_ble.json
mmc56x3x_0.json
qmc630x_0.json
icm456xx_0.json
stk3bfx_0.json
stk3bfx_0_csot_always.json
stk3bfx_0_boe_always.json
stk6b9x_0.json
mot_stowed.json
